// Jest Snapshot v1, https://goo.gl/fbAQLP

exports[`renders without crashing 1`] = `
<button
  className="sc-bdVaJa dGBiXc"
  onClick={[Function]}
  title="Back to top"
>
  â†‘
  <span
    className="sc-bwzfXH ivGhFm"
  >
    Back to top
  </span>
</button>
`;
